// Jest Snapshot v1, https://goo.gl/fbAQLP

exports[`Add component Renders correctly 1`] = `
<div
  className="add-object-container"
>
  <input
    className="object-title-input"
    name="project-text"
    onBlur={[Function]}
    onChange={[Function]}
    onFocus={[Function]}
    type="text"
  />
  <button
    className="add-project-btn"
  >
    <i
      className="create-object fas fa-check-circle"
      title="Create project"
    />
  </button>
  <button
    className="add-project-btn"
  >
    <i
      className="do-not-create-object fas fa-times-circle"
      onClick={[Function]}
    />
  </button>
</div>
`;
