// Jest Snapshot v1, https://goo.gl/fbAQLP

exports[`SidePanel component renders correctly 1`] = `
<aside
  className="side-panel-container"
>
  <div
    className="side-panel-heading-container"
  >
    <h1
      className="panel-heading"
    >
      Project Panel
    </h1>
    <i
      className="add-project fas fa-plus-circle"
      onClick={[Function]}
      title="New project"
    />
  </div>
  <div
    className="project-list-container"
  />
</aside>
`;
