// Jest Snapshot v1, https://goo.gl/fbAQLP

exports[`IssueGroup component Renders correctly 1`] = `
<section
  className="issue-group-container"
>
  <div
    className="issue-group-title-container"
  >
    <h2
      className="issue-group-title"
    />
    <div
      className="group-options-container"
    >
      <i
        className="add-group fas fa-plus-circle"
        onClick={[Function]}
        title="Add"
      />
      <i
        className="delete-group fas fa-times-circle"
        onClick={[Function]}
        title="Delete group"
      />
    </div>
  </div>
  <div
    className="issue-box"
  />
</section>
`;
