// Jest Snapshot v1, https://goo.gl/fbAQLP

exports[`Main component Renders correctly 1`] = `
<main
  className="main-application-container"
>
  <div
    className="welcome-message"
  >
    <img
      alt="Loading"
      className="bugr-icon-main"
      src="bug.png"
    />
    <p>
      Welcome to Bugr! This app has been designed to make tracking issues in your application development cycle clean and simple.
    </p>
    <p>
      Use the Project Panel on the left to get started!
    </p>
  </div>
</main>
`;
