// Jest Snapshot v1, https://goo.gl/fbAQLP

exports[`App component Renders correctly 1`] = `
<div
  className="App"
>
  <header
    className="app-ribbon"
  >
    <div
      className="app-ribbon-btn-container"
    >
      <button
        className="ribbon-btn"
        id="file-ribbon-btn"
        type="button"
      >
        File
      </button>
      <button
        className="ribbon-btn"
        id="edit-ribbon-btn"
        type="button"
      >
        Edit
      </button>
    </div>
    <div
      className="app-visibility-controls-container"
    >
      <button
        className="app-control-btn"
        id="minimise"
        type="button"
      >
        <i
          className="far fa-window-minimize"
        />
      </button>
      <button
        className="app-control-btn"
        id="maximise"
        type="button"
      >
        <i
          className="fas fa-window-maximize"
        />
      </button>
      <button
        className="app-control-btn"
        id="quit-app"
        type="button"
      >
        <i
          className="far fa-window-close"
        />
      </button>
    </div>
  </header>
  <aside
    className="side-panel-container"
  >
    <div
      className="side-panel-heading-container"
    >
      <h1
        className="panel-heading"
      >
        Project Panel
      </h1>
      <i
        className="add-project fas fa-plus-circle"
        title="New project"
      />
    </div>
    <div
      className="project-list-container"
    >
      <div
        className="project-link"
      >
        <a
          href="/"
          onClick={[Function]}
        >
          Project A
        </a>
        <i
          className="delete-project fas fa-times-circle"
          id="Project A"
          onClick={[Function]}
          title="Delete project"
        />
      </div>
    </div>
  </aside>
  <main
    className="main-application-container"
  >
    <h1
      className="main-project-title"
    >
      Project A
    </h1>
    0
  </main>
</div>
`;
